16:34:32 **** Incremental Build of configuration Debug for project 2_Led7SegDislay ****
make -j4 all 
arm-none-eabi-gcc "../Core/Src/7seg.c" -mcpu=cortex-m4 -std=gnu11 -g3 -DDEBUG -DUSE_HAL_DRIVER -DSTM32F429xx -c -I../Core/Inc -I../Drivers/STM32F4xx_HAL_Driver/Inc -I../Drivers/STM32F4xx_HAL_Driver/Inc/Legacy -I../Drivers/CMSIS/Device/ST/STM32F4xx/Include -I../Drivers/CMSIS/Include -O0 -ffunction-sections -fdata-sections -Wall -fstack-usage -fcyclomatic-complexity -MMD -MP -MF"Core/Src/7seg.d" -MT"Core/Src/7seg.o" --specs=nano.specs -mfpu=fpv4-sp-d16 -mfloat-abi=hard -mthumb -o "Core/Src/7seg.o"
arm-none-eabi-gcc -o "2_Led7SegDislay.elf" @"objects.list"   -mcpu=cortex-m4 -T"C:\Users\vuman\STM32CubeIDE\Lab1-ES\2_Led7SegDislay\STM32F429ZITX_FLASH.ld" --specs=nosys.specs -Wl,-Map="2_Led7SegDislay.map" -Wl,--gc-sections -static --specs=nano.specs -mfpu=fpv4-sp-d16 -mfloat-abi=hard -mthumb -Wl,--start-group -lc -lm -Wl,--end-group
Finished building target: 2_Led7SegDislay.elf
 
arm-none-eabi-size  2_Led7SegDislay.elf 
arm-none-eabi-objdump -h -S 2_Led7SegDislay.elf  > "2_Led7SegDislay.list"
   text	   data	    bss	    dec	    hex	filename
   9936	     24	   1656	  11616	   2d60	2_Led7SegDislay.elf
Finished building: default.size.stdout
 
Finished building: 2_Led7SegDislay.list
 

16:34:33 Build Finished. 0 errors, 0 warnings. (took 1s.264ms)

